// Jest Snapshot v1, https://goo.gl/fbAQLP

exports[`List renders without border and split 1`] = `
.emotion-0 {
  display: -webkit-inline-box;
  display: -webkit-inline-flex;
  display: -ms-inline-flexbox;
  display: inline-flex;
  -webkit-flex-direction: column;
  -ms-flex-direction: column;
  flex-direction: column;
  border: solid 1px #f2f3f5;
  border-radius: 2px;
}

.emotion-2 {
  display: -webkit-box;
  display: -webkit-flex;
  display: -ms-flexbox;
  display: flex;
  -webkit-flex-direction: row;
  -ms-flex-direction: row;
  flex-direction: row;
  padding: 12px 16px;
}

.emotion-3 {
  display: -webkit-inline-box;
  display: -webkit-inline-flex;
  display: -ms-inline-flexbox;
  display: inline-flex;
  -webkit-flex-direction: column;
  -ms-flex-direction: column;
  flex-direction: column;
  -webkit-box-flex: 1;
  -webkit-flex-grow: 1;
  -ms-flex-positive: 1;
  flex-grow: 1;
}

.emotion-4 {
  display: -webkit-inline-box;
  display: -webkit-inline-flex;
  display: -ms-inline-flexbox;
  display: inline-flex;
  -webkit-align-items: start;
  -webkit-box-align: start;
  -ms-flex-align: start;
  align-items: start;
  -webkit-flex-direction: row;
  -ms-flex-direction: row;
  flex-direction: row;
}

.emotion-5 {
  -webkit-align-self: center;
  -ms-flex-item-align: center;
  align-self: center;
}

.emotion-6 {
  word-break: break-all;
}

.emotion-6 h1 {
  margin: 0;
  font-size: 36px;
  line-height: normal;
}

.emotion-6 h2 {
  margin: 0;
  font-size: 32px;
  line-height: normal;
}

.emotion-6 h3 {
  margin: 0;
  font-size: 28px;
  line-height: normal;
}

.emotion-6 h4 {
  margin: 0;
  font-size: 24px;
  line-height: normal;
}

.emotion-6 h5 {
  margin: 0;
  font-size: 20px;
  line-height: normal;
}

.emotion-6 h6 {
  margin: 0;
  font-size: 16px;
  line-height: normal;
}

.emotion-6 p {
  margin: 0;
}

.emotion-7 {
  font-size: 14px;
  font-weight: 500;
}

.emotion-8 {
  color: #1f1f1f;
}

.emotion-9 {
  font-size: 14px;
}

.emotion-10 {
  color: #a9aeb8;
}

.emotion-11 {
  vertical-align: middle;
  border-style: solid;
  border-width: 0 0 1px 0;
  border-color: #e5e6eb;
  width: 100%;
}

<div
  class="emotion-0"
  data-testid="test-list"
>
  <div
    class="rc-virtual-list"
    style="position: relative;"
  >
    <div
      class="rc-virtual-list-holder"
    >
      <div>
        <div
          class="rc-virtual-list-holder-inner"
          style="display: flex; flex-direction: column;"
        >
          <div
            class="emotion-1"
          >
            <div
              class="emotion-2"
            >
              <div
                class="emotion-3"
              >
                <div
                  class="emotion-4"
                >
                  <article
                    class="emotion-5 emotion-6"
                  >
                    <span
                      class="emotion-7"
                      fw="500"
                    >
                      <span
                        style="position: relative;"
                      >
                        <iframe
                          style="background: transparent; height: 100%; left: 0px; position: absolute; top: 0px; width: 100%; z-index: -1;"
                        />
                        <span
                          class="emotion-8"
                        >
                          Title A
                        </span>
                      </span>
                    </span>
                    <div
                      style="height: 4px;"
                    />
                    <div
                      class="emotion-9"
                    >
                      <span
                        style="position: relative;"
                      >
                        <iframe
                          style="background: transparent; height: 100%; left: 0px; position: absolute; top: 0px; width: 100%; z-index: -1;"
                        />
                        <span
                          class="emotion-10"
                        >
                          Desc A
                        </span>
                      </span>
                    </div>
                  </article>
                </div>
              </div>
            </div>
          </div>
          <div
            class="emotion-11"
          />
          <div
            class="emotion-1"
          >
            <div
              class="emotion-2"
            >
              <div
                class="emotion-3"
              >
                <div
                  class="emotion-4"
                >
                  <article
                    class="emotion-5 emotion-6"
                  >
                    <span
                      class="emotion-7"
                      fw="500"
                    >
                      <span
                        style="position: relative;"
                      >
                        <iframe
                          style="background: transparent; height: 100%; left: 0px; position: absolute; top: 0px; width: 100%; z-index: -1;"
                        />
                        <span
                          class="emotion-8"
                        >
                          Title A
                        </span>
                      </span>
                    </span>
                    <div
                      style="height: 4px;"
                    />
                    <div
                      class="emotion-9"
                    >
                      <span
                        style="position: relative;"
                      >
                        <iframe
                          style="background: transparent; height: 100%; left: 0px; position: absolute; top: 0px; width: 100%; z-index: -1;"
                        />
                        <span
                          class="emotion-10"
                        >
                          Desc A
                        </span>
                      </span>
                    </div>
                  </article>
                </div>
              </div>
            </div>
          </div>
        </div>
      </div>
    </div>
  </div>
</div>
`;
